running develop
Removing /home/nithya/ros2_ws/install/nmea_navsat_driver/lib/python3.12/site-packages/nmea-navsat-driver.egg-link (link to src)
running egg_info
writing ../../build/nmea_navsat_driver/nmea_navsat_driver.egg-info/PKG-INFO
writing dependency_links to ../../build/nmea_navsat_driver/nmea_navsat_driver.egg-info/dependency_links.txt
writing entry points to ../../build/nmea_navsat_driver/nmea_navsat_driver.egg-info/entry_points.txt
writing requirements to ../../build/nmea_navsat_driver/nmea_navsat_driver.egg-info/requires.txt
writing top-level names to ../../build/nmea_navsat_driver/nmea_navsat_driver.egg-info/top_level.txt
reading manifest file '../../build/nmea_navsat_driver/nmea_navsat_driver.egg-info/SOURCES.txt'
writing manifest file '../../build/nmea_navsat_driver/nmea_navsat_driver.egg-info/SOURCES.txt'
running build
running build_py
copying src/libnmea_navsat_driver/parser.py -> /home/nithya/ros2_ws/build/nmea_navsat_driver/build/lib/libnmea_navsat_driver
copying src/libnmea_navsat_driver/nodes/nmea_serial_driver.py -> /home/nithya/ros2_ws/build/nmea_navsat_driver/build/lib/libnmea_navsat_driver/nodes
running install
running install_lib
copying /home/nithya/ros2_ws/build/nmea_navsat_driver/build/lib/libnmea_navsat_driver/nodes/nmea_serial_driver.py -> /home/nithya/ros2_ws/install/nmea_navsat_driver/lib/python3.12/site-packages/libnmea_navsat_driver/nodes
copying /home/nithya/ros2_ws/build/nmea_navsat_driver/build/lib/libnmea_navsat_driver/parser.py -> /home/nithya/ros2_ws/install/nmea_navsat_driver/lib/python3.12/site-packages/libnmea_navsat_driver
byte-compiling /home/nithya/ros2_ws/install/nmea_navsat_driver/lib/python3.12/site-packages/libnmea_navsat_driver/nodes/nmea_serial_driver.py to nmea_serial_driver.cpython-312.pyc
byte-compiling /home/nithya/ros2_ws/install/nmea_navsat_driver/lib/python3.12/site-packages/libnmea_navsat_driver/parser.py to parser.cpython-312.pyc
running install_data
copying resource/nmea_navsat_driver -> /home/nithya/ros2_ws/install/nmea_navsat_driver/share/ament_index/resource_index/packages
copying package.xml -> /home/nithya/ros2_ws/install/nmea_navsat_driver/share/nmea_navsat_driver
copying launch/nmea_serial_driver.launch.py -> /home/nithya/ros2_ws/install/nmea_navsat_driver/share/nmea_navsat_driver/launch
copying launch/nmea_socket_driver.launch.py -> /home/nithya/ros2_ws/install/nmea_navsat_driver/share/nmea_navsat_driver/launch
copying launch/nmea_tcpclient_driver.launch.py -> /home/nithya/ros2_ws/install/nmea_navsat_driver/share/nmea_navsat_driver/launch
copying config/nmea_socket_driver.yaml -> /home/nithya/ros2_ws/install/nmea_navsat_driver/share/nmea_navsat_driver/config
copying config/nmea_tcpclient_driver.yaml -> /home/nithya/ros2_ws/install/nmea_navsat_driver/share/nmea_navsat_driver/config
copying config/nmea_serial_driver.yaml -> /home/nithya/ros2_ws/install/nmea_navsat_driver/share/nmea_navsat_driver/config
running install_egg_info
removing '/home/nithya/ros2_ws/install/nmea_navsat_driver/lib/python3.12/site-packages/nmea_navsat_driver-2.0.1-py3.12.egg-info' (and everything under it)
Copying ../../build/nmea_navsat_driver/nmea_navsat_driver.egg-info to /home/nithya/ros2_ws/install/nmea_navsat_driver/lib/python3.12/site-packages/nmea_navsat_driver-2.0.1-py3.12.egg-info
running install_scripts
Installing nmea_serial_driver script to /home/nithya/ros2_ws/install/nmea_navsat_driver/lib/nmea_navsat_driver
Installing nmea_socket_driver script to /home/nithya/ros2_ws/install/nmea_navsat_driver/lib/nmea_navsat_driver
Installing nmea_tcpclient_driver script to /home/nithya/ros2_ws/install/nmea_navsat_driver/lib/nmea_navsat_driver
Installing nmea_topic_driver script to /home/nithya/ros2_ws/install/nmea_navsat_driver/lib/nmea_navsat_driver
Installing nmea_topic_serial_reader script to /home/nithya/ros2_ws/install/nmea_navsat_driver/lib/nmea_navsat_driver
writing list of installed files to '/home/nithya/ros2_ws/build/nmea_navsat_driver/install.log'
