[0.642s] Invoking command in '/home/nithya/ros2_ws/build/nmea_navsat_driver': DEBUGINFOD_URLS=https://debuginfod.ubuntu.com PYTHONPATH=/home/nithya/ros2_ws/build/nmea_navsat_driver/prefix_override:/usr/lib/python3/dist-packages/colcon_core/task/python/colcon_distutils_commands:/home/nithya/ros2_ws/install/nmea_navsat_driver/lib/python3.12/site-packages:${PYTHONPATH} /usr/bin/python3 -W ignore:setup.py install is deprecated -W ignore:easy_install command is deprecated setup.py develop --uninstall --editable --build-directory /home/nithya/ros2_ws/build/nmea_navsat_driver/build
[0.872s] running develop
[1.032s] Removing /home/nithya/ros2_ws/install/nmea_navsat_driver/lib/python3.12/site-packages/nmea-navsat-driver.egg-link (link to src)
[1.050s] Invoked command in '/home/nithya/ros2_ws/build/nmea_navsat_driver' returned '0': DEBUGINFOD_URLS=https://debuginfod.ubuntu.com PYTHONPATH=/home/nithya/ros2_ws/build/nmea_navsat_driver/prefix_override:/usr/lib/python3/dist-packages/colcon_core/task/python/colcon_distutils_commands:/home/nithya/ros2_ws/install/nmea_navsat_driver/lib/python3.12/site-packages:${PYTHONPATH} /usr/bin/python3 -W ignore:setup.py install is deprecated -W ignore:easy_install command is deprecated setup.py develop --uninstall --editable --build-directory /home/nithya/ros2_ws/build/nmea_navsat_driver/build
[1.051s] Invoking command in '/home/nithya/ros2_ws/src/nmea_navsat_driver': DEBUGINFOD_URLS=https://debuginfod.ubuntu.com PYTHONPATH=/home/nithya/ros2_ws/build/nmea_navsat_driver/prefix_override:/usr/lib/python3/dist-packages/colcon_core/task/python/colcon_distutils_commands:/home/nithya/ros2_ws/install/nmea_navsat_driver/lib/python3.12/site-packages:${PYTHONPATH} /usr/bin/python3 -W ignore:setup.py install is deprecated -W ignore:easy_install command is deprecated setup.py egg_info --egg-base ../../build/nmea_navsat_driver build --build-base /home/nithya/ros2_ws/build/nmea_navsat_driver/build install --record /home/nithya/ros2_ws/build/nmea_navsat_driver/install.log --single-version-externally-managed install_data --force
[1.262s] running egg_info
[1.277s] writing ../../build/nmea_navsat_driver/nmea_navsat_driver.egg-info/PKG-INFO
[1.277s] writing dependency_links to ../../build/nmea_navsat_driver/nmea_navsat_driver.egg-info/dependency_links.txt
[1.277s] writing entry points to ../../build/nmea_navsat_driver/nmea_navsat_driver.egg-info/entry_points.txt
[1.278s] writing requirements to ../../build/nmea_navsat_driver/nmea_navsat_driver.egg-info/requires.txt
[1.278s] writing top-level names to ../../build/nmea_navsat_driver/nmea_navsat_driver.egg-info/top_level.txt
[1.310s] reading manifest file '../../build/nmea_navsat_driver/nmea_navsat_driver.egg-info/SOURCES.txt'
[1.311s] writing manifest file '../../build/nmea_navsat_driver/nmea_navsat_driver.egg-info/SOURCES.txt'
[1.311s] running build
[1.311s] running build_py
[1.311s] copying src/libnmea_navsat_driver/parser.py -> /home/nithya/ros2_ws/build/nmea_navsat_driver/build/lib/libnmea_navsat_driver
[1.312s] copying src/libnmea_navsat_driver/nodes/nmea_serial_driver.py -> /home/nithya/ros2_ws/build/nmea_navsat_driver/build/lib/libnmea_navsat_driver/nodes
[1.312s] running install
[1.317s] running install_lib
[1.332s] copying /home/nithya/ros2_ws/build/nmea_navsat_driver/build/lib/libnmea_navsat_driver/nodes/nmea_serial_driver.py -> /home/nithya/ros2_ws/install/nmea_navsat_driver/lib/python3.12/site-packages/libnmea_navsat_driver/nodes
[1.333s] copying /home/nithya/ros2_ws/build/nmea_navsat_driver/build/lib/libnmea_navsat_driver/parser.py -> /home/nithya/ros2_ws/install/nmea_navsat_driver/lib/python3.12/site-packages/libnmea_navsat_driver
[1.333s] byte-compiling /home/nithya/ros2_ws/install/nmea_navsat_driver/lib/python3.12/site-packages/libnmea_navsat_driver/nodes/nmea_serial_driver.py to nmea_serial_driver.cpython-312.pyc
[1.334s] byte-compiling /home/nithya/ros2_ws/install/nmea_navsat_driver/lib/python3.12/site-packages/libnmea_navsat_driver/parser.py to parser.cpython-312.pyc
[1.336s] running install_data
[1.336s] copying resource/nmea_navsat_driver -> /home/nithya/ros2_ws/install/nmea_navsat_driver/share/ament_index/resource_index/packages
[1.336s] copying package.xml -> /home/nithya/ros2_ws/install/nmea_navsat_driver/share/nmea_navsat_driver
[1.336s] copying launch/nmea_serial_driver.launch.py -> /home/nithya/ros2_ws/install/nmea_navsat_driver/share/nmea_navsat_driver/launch
[1.337s] copying launch/nmea_socket_driver.launch.py -> /home/nithya/ros2_ws/install/nmea_navsat_driver/share/nmea_navsat_driver/launch
[1.337s] copying launch/nmea_tcpclient_driver.launch.py -> /home/nithya/ros2_ws/install/nmea_navsat_driver/share/nmea_navsat_driver/launch
[1.337s] copying config/nmea_socket_driver.yaml -> /home/nithya/ros2_ws/install/nmea_navsat_driver/share/nmea_navsat_driver/config
[1.338s] copying config/nmea_tcpclient_driver.yaml -> /home/nithya/ros2_ws/install/nmea_navsat_driver/share/nmea_navsat_driver/config
[1.338s] copying config/nmea_serial_driver.yaml -> /home/nithya/ros2_ws/install/nmea_navsat_driver/share/nmea_navsat_driver/config
[1.338s] running install_egg_info
[1.354s] removing '/home/nithya/ros2_ws/install/nmea_navsat_driver/lib/python3.12/site-packages/nmea_navsat_driver-2.0.1-py3.12.egg-info' (and everything under it)
[1.354s] Copying ../../build/nmea_navsat_driver/nmea_navsat_driver.egg-info to /home/nithya/ros2_ws/install/nmea_navsat_driver/lib/python3.12/site-packages/nmea_navsat_driver-2.0.1-py3.12.egg-info
[1.355s] running install_scripts
[1.456s] Installing nmea_serial_driver script to /home/nithya/ros2_ws/install/nmea_navsat_driver/lib/nmea_navsat_driver
[1.456s] Installing nmea_socket_driver script to /home/nithya/ros2_ws/install/nmea_navsat_driver/lib/nmea_navsat_driver
[1.456s] Installing nmea_tcpclient_driver script to /home/nithya/ros2_ws/install/nmea_navsat_driver/lib/nmea_navsat_driver
[1.456s] Installing nmea_topic_driver script to /home/nithya/ros2_ws/install/nmea_navsat_driver/lib/nmea_navsat_driver
[1.456s] Installing nmea_topic_serial_reader script to /home/nithya/ros2_ws/install/nmea_navsat_driver/lib/nmea_navsat_driver
[1.456s] writing list of installed files to '/home/nithya/ros2_ws/build/nmea_navsat_driver/install.log'
[1.474s] Invoked command in '/home/nithya/ros2_ws/src/nmea_navsat_driver' returned '0': DEBUGINFOD_URLS=https://debuginfod.ubuntu.com PYTHONPATH=/home/nithya/ros2_ws/build/nmea_navsat_driver/prefix_override:/usr/lib/python3/dist-packages/colcon_core/task/python/colcon_distutils_commands:/home/nithya/ros2_ws/install/nmea_navsat_driver/lib/python3.12/site-packages:${PYTHONPATH} /usr/bin/python3 -W ignore:setup.py install is deprecated -W ignore:easy_install command is deprecated setup.py egg_info --egg-base ../../build/nmea_navsat_driver build --build-base /home/nithya/ros2_ws/build/nmea_navsat_driver/build install --record /home/nithya/ros2_ws/build/nmea_navsat_driver/install.log --single-version-externally-managed install_data --force
