[0.613s] Invoking command in '/home/nithya/ros2_ws/src/nmea_navsat_driver': DEBUGINFOD_URLS=https://debuginfod.ubuntu.com PYTHONPATH=/home/nithya/ros2_ws/build/nmea_navsat_driver/prefix_override:/usr/lib/python3/dist-packages/colcon_core/task/python/colcon_distutils_commands:/home/nithya/ros2_ws/install/nmea_navsat_driver/lib/python3.12/site-packages:${PYTHONPATH} /usr/bin/python3 -W ignore:setup.py install is deprecated -W ignore:easy_install command is deprecated setup.py egg_info --egg-base ../../build/nmea_navsat_driver build --build-base /home/nithya/ros2_ws/build/nmea_navsat_driver/build install --record /home/nithya/ros2_ws/build/nmea_navsat_driver/install.log --single-version-externally-managed install_data
[0.811s] running egg_info
[0.826s] writing ../../build/nmea_navsat_driver/nmea_navsat_driver.egg-info/PKG-INFO
[0.826s] writing dependency_links to ../../build/nmea_navsat_driver/nmea_navsat_driver.egg-info/dependency_links.txt
[0.826s] writing entry points to ../../build/nmea_navsat_driver/nmea_navsat_driver.egg-info/entry_points.txt
[0.826s] writing requirements to ../../build/nmea_navsat_driver/nmea_navsat_driver.egg-info/requires.txt
[0.827s] writing top-level names to ../../build/nmea_navsat_driver/nmea_navsat_driver.egg-info/top_level.txt
[0.857s] reading manifest file '../../build/nmea_navsat_driver/nmea_navsat_driver.egg-info/SOURCES.txt'
[0.857s] writing manifest file '../../build/nmea_navsat_driver/nmea_navsat_driver.egg-info/SOURCES.txt'
[0.858s] running build
[0.858s] running build_py
[0.858s] copying src/libnmea_navsat_driver/driver.py -> /home/nithya/ros2_ws/build/nmea_navsat_driver/build/lib/libnmea_navsat_driver
[0.858s] copying src/libnmea_navsat_driver/nodes/nmea_serial_driver.py -> /home/nithya/ros2_ws/build/nmea_navsat_driver/build/lib/libnmea_navsat_driver/nodes
[0.859s] running install
[0.863s] running install_lib
[0.878s] copying /home/nithya/ros2_ws/build/nmea_navsat_driver/build/lib/libnmea_navsat_driver/nodes/nmea_serial_driver.py -> /home/nithya/ros2_ws/install/nmea_navsat_driver/lib/python3.12/site-packages/libnmea_navsat_driver/nodes
[0.879s] copying /home/nithya/ros2_ws/build/nmea_navsat_driver/build/lib/libnmea_navsat_driver/driver.py -> /home/nithya/ros2_ws/install/nmea_navsat_driver/lib/python3.12/site-packages/libnmea_navsat_driver
[0.879s] byte-compiling /home/nithya/ros2_ws/install/nmea_navsat_driver/lib/python3.12/site-packages/libnmea_navsat_driver/nodes/nmea_serial_driver.py to nmea_serial_driver.cpython-312.pyc
[0.880s] byte-compiling /home/nithya/ros2_ws/install/nmea_navsat_driver/lib/python3.12/site-packages/libnmea_navsat_driver/driver.py to driver.cpython-312.pyc
[0.882s] running install_data
[0.882s] running install_egg_info
[0.898s] removing '/home/nithya/ros2_ws/install/nmea_navsat_driver/lib/python3.12/site-packages/nmea_navsat_driver-2.0.1-py3.12.egg-info' (and everything under it)
[0.898s] Copying ../../build/nmea_navsat_driver/nmea_navsat_driver.egg-info to /home/nithya/ros2_ws/install/nmea_navsat_driver/lib/python3.12/site-packages/nmea_navsat_driver-2.0.1-py3.12.egg-info
[0.899s] running install_scripts
[0.998s] Installing nmea_serial_driver script to /home/nithya/ros2_ws/install/nmea_navsat_driver/lib/nmea_navsat_driver
[0.998s] Installing nmea_socket_driver script to /home/nithya/ros2_ws/install/nmea_navsat_driver/lib/nmea_navsat_driver
[0.998s] Installing nmea_tcpclient_driver script to /home/nithya/ros2_ws/install/nmea_navsat_driver/lib/nmea_navsat_driver
[0.998s] Installing nmea_topic_driver script to /home/nithya/ros2_ws/install/nmea_navsat_driver/lib/nmea_navsat_driver
[0.998s] Installing nmea_topic_serial_reader script to /home/nithya/ros2_ws/install/nmea_navsat_driver/lib/nmea_navsat_driver
[0.999s] writing list of installed files to '/home/nithya/ros2_ws/build/nmea_navsat_driver/install.log'
[1.018s] Invoked command in '/home/nithya/ros2_ws/src/nmea_navsat_driver' returned '0': DEBUGINFOD_URLS=https://debuginfod.ubuntu.com PYTHONPATH=/home/nithya/ros2_ws/build/nmea_navsat_driver/prefix_override:/usr/lib/python3/dist-packages/colcon_core/task/python/colcon_distutils_commands:/home/nithya/ros2_ws/install/nmea_navsat_driver/lib/python3.12/site-packages:${PYTHONPATH} /usr/bin/python3 -W ignore:setup.py install is deprecated -W ignore:easy_install command is deprecated setup.py egg_info --egg-base ../../build/nmea_navsat_driver build --build-base /home/nithya/ros2_ws/build/nmea_navsat_driver/build install --record /home/nithya/ros2_ws/build/nmea_navsat_driver/install.log --single-version-externally-managed install_data
