[1.158s] Invoking command in '/home/nithya/ros2_ws/src/nmea_navsat_driver': DEBUGINFOD_URLS=https://debuginfod.ubuntu.com PYTHONPATH=/home/nithya/ros2_ws/build/nmea_navsat_driver/prefix_override:/usr/lib/python3/dist-packages/colcon_core/task/python/colcon_distutils_commands:/home/nithya/ros2_ws/install/nmea_navsat_driver/lib/python3.12/site-packages:${PYTHONPATH} /usr/bin/python3 -W ignore:setup.py install is deprecated -W ignore:easy_install command is deprecated setup.py egg_info --egg-base ../../build/nmea_navsat_driver build --build-base /home/nithya/ros2_ws/build/nmea_navsat_driver/build install --record /home/nithya/ros2_ws/build/nmea_navsat_driver/install.log --single-version-externally-managed install_data
[1.375s] running egg_info
[1.375s] creating ../../build/nmea_navsat_driver/nmea_navsat_driver.egg-info
[1.390s] writing ../../build/nmea_navsat_driver/nmea_navsat_driver.egg-info/PKG-INFO
[1.391s] writing dependency_links to ../../build/nmea_navsat_driver/nmea_navsat_driver.egg-info/dependency_links.txt
[1.391s] writing entry points to ../../build/nmea_navsat_driver/nmea_navsat_driver.egg-info/entry_points.txt
[1.391s] writing requirements to ../../build/nmea_navsat_driver/nmea_navsat_driver.egg-info/requires.txt
[1.391s] writing top-level names to ../../build/nmea_navsat_driver/nmea_navsat_driver.egg-info/top_level.txt
[1.391s] writing manifest file '../../build/nmea_navsat_driver/nmea_navsat_driver.egg-info/SOURCES.txt'
[1.423s] reading manifest file '../../build/nmea_navsat_driver/nmea_navsat_driver.egg-info/SOURCES.txt'
[1.423s] writing manifest file '../../build/nmea_navsat_driver/nmea_navsat_driver.egg-info/SOURCES.txt'
[1.424s] running build
[1.424s] running build_py
[1.424s] creating /home/nithya/ros2_ws/build/nmea_navsat_driver/build
[1.424s] creating /home/nithya/ros2_ws/build/nmea_navsat_driver/build/lib
[1.424s] creating /home/nithya/ros2_ws/build/nmea_navsat_driver/build/lib/libnmea_navsat_driver
[1.424s] copying src/libnmea_navsat_driver/__init__.py -> /home/nithya/ros2_ws/build/nmea_navsat_driver/build/lib/libnmea_navsat_driver
[1.424s] copying src/libnmea_navsat_driver/driver.py -> /home/nithya/ros2_ws/build/nmea_navsat_driver/build/lib/libnmea_navsat_driver
[1.424s] copying src/libnmea_navsat_driver/parser.py -> /home/nithya/ros2_ws/build/nmea_navsat_driver/build/lib/libnmea_navsat_driver
[1.424s] copying src/libnmea_navsat_driver/checksum_utils.py -> /home/nithya/ros2_ws/build/nmea_navsat_driver/build/lib/libnmea_navsat_driver
[1.424s] creating /home/nithya/ros2_ws/build/nmea_navsat_driver/build/lib/libnmea_navsat_driver/nodes
[1.424s] copying src/libnmea_navsat_driver/nodes/nmea_topic_serial_reader.py -> /home/nithya/ros2_ws/build/nmea_navsat_driver/build/lib/libnmea_navsat_driver/nodes
[1.426s] copying src/libnmea_navsat_driver/nodes/nmea_tcpclient_driver.py -> /home/nithya/ros2_ws/build/nmea_navsat_driver/build/lib/libnmea_navsat_driver/nodes
[1.427s] copying src/libnmea_navsat_driver/nodes/nmea_socket_driver.py -> /home/nithya/ros2_ws/build/nmea_navsat_driver/build/lib/libnmea_navsat_driver/nodes
[1.427s] copying src/libnmea_navsat_driver/nodes/__init__.py -> /home/nithya/ros2_ws/build/nmea_navsat_driver/build/lib/libnmea_navsat_driver/nodes
[1.427s] copying src/libnmea_navsat_driver/nodes/nmea_serial_driver.py -> /home/nithya/ros2_ws/build/nmea_navsat_driver/build/lib/libnmea_navsat_driver/nodes
[1.428s] copying src/libnmea_navsat_driver/nodes/nmea_topic_driver.py -> /home/nithya/ros2_ws/build/nmea_navsat_driver/build/lib/libnmea_navsat_driver/nodes
[1.428s] running install
[1.433s] running install_lib
[1.449s] creating /home/nithya/ros2_ws/install/nmea_navsat_driver/lib/python3.12/site-packages/libnmea_navsat_driver
[1.449s] creating /home/nithya/ros2_ws/install/nmea_navsat_driver/lib/python3.12/site-packages/libnmea_navsat_driver/nodes
[1.450s] copying /home/nithya/ros2_ws/build/nmea_navsat_driver/build/lib/libnmea_navsat_driver/nodes/nmea_topic_serial_reader.py -> /home/nithya/ros2_ws/install/nmea_navsat_driver/lib/python3.12/site-packages/libnmea_navsat_driver/nodes
[1.450s] copying /home/nithya/ros2_ws/build/nmea_navsat_driver/build/lib/libnmea_navsat_driver/nodes/nmea_tcpclient_driver.py -> /home/nithya/ros2_ws/install/nmea_navsat_driver/lib/python3.12/site-packages/libnmea_navsat_driver/nodes
[1.450s] copying /home/nithya/ros2_ws/build/nmea_navsat_driver/build/lib/libnmea_navsat_driver/nodes/nmea_socket_driver.py -> /home/nithya/ros2_ws/install/nmea_navsat_driver/lib/python3.12/site-packages/libnmea_navsat_driver/nodes
[1.450s] copying /home/nithya/ros2_ws/build/nmea_navsat_driver/build/lib/libnmea_navsat_driver/nodes/__init__.py -> /home/nithya/ros2_ws/install/nmea_navsat_driver/lib/python3.12/site-packages/libnmea_navsat_driver/nodes
[1.450s] copying /home/nithya/ros2_ws/build/nmea_navsat_driver/build/lib/libnmea_navsat_driver/nodes/nmea_serial_driver.py -> /home/nithya/ros2_ws/install/nmea_navsat_driver/lib/python3.12/site-packages/libnmea_navsat_driver/nodes
[1.450s] copying /home/nithya/ros2_ws/build/nmea_navsat_driver/build/lib/libnmea_navsat_driver/nodes/nmea_topic_driver.py -> /home/nithya/ros2_ws/install/nmea_navsat_driver/lib/python3.12/site-packages/libnmea_navsat_driver/nodes
[1.450s] copying /home/nithya/ros2_ws/build/nmea_navsat_driver/build/lib/libnmea_navsat_driver/__init__.py -> /home/nithya/ros2_ws/install/nmea_navsat_driver/lib/python3.12/site-packages/libnmea_navsat_driver
[1.450s] copying /home/nithya/ros2_ws/build/nmea_navsat_driver/build/lib/libnmea_navsat_driver/driver.py -> /home/nithya/ros2_ws/install/nmea_navsat_driver/lib/python3.12/site-packages/libnmea_navsat_driver
[1.450s] copying /home/nithya/ros2_ws/build/nmea_navsat_driver/build/lib/libnmea_navsat_driver/parser.py -> /home/nithya/ros2_ws/install/nmea_navsat_driver/lib/python3.12/site-packages/libnmea_navsat_driver
[1.450s] copying /home/nithya/ros2_ws/build/nmea_navsat_driver/build/lib/libnmea_navsat_driver/checksum_utils.py -> /home/nithya/ros2_ws/install/nmea_navsat_driver/lib/python3.12/site-packages/libnmea_navsat_driver
[1.451s] byte-compiling /home/nithya/ros2_ws/install/nmea_navsat_driver/lib/python3.12/site-packages/libnmea_navsat_driver/nodes/nmea_topic_serial_reader.py to nmea_topic_serial_reader.cpython-312.pyc
[1.451s] byte-compiling /home/nithya/ros2_ws/install/nmea_navsat_driver/lib/python3.12/site-packages/libnmea_navsat_driver/nodes/nmea_tcpclient_driver.py to nmea_tcpclient_driver.cpython-312.pyc
[1.452s] byte-compiling /home/nithya/ros2_ws/install/nmea_navsat_driver/lib/python3.12/site-packages/libnmea_navsat_driver/nodes/nmea_socket_driver.py to nmea_socket_driver.cpython-312.pyc
[1.452s] byte-compiling /home/nithya/ros2_ws/install/nmea_navsat_driver/lib/python3.12/site-packages/libnmea_navsat_driver/nodes/__init__.py to __init__.cpython-312.pyc
[1.452s] byte-compiling /home/nithya/ros2_ws/install/nmea_navsat_driver/lib/python3.12/site-packages/libnmea_navsat_driver/nodes/nmea_serial_driver.py to nmea_serial_driver.cpython-312.pyc
[1.453s] byte-compiling /home/nithya/ros2_ws/install/nmea_navsat_driver/lib/python3.12/site-packages/libnmea_navsat_driver/nodes/nmea_topic_driver.py to nmea_topic_driver.cpython-312.pyc
[1.453s] byte-compiling /home/nithya/ros2_ws/install/nmea_navsat_driver/lib/python3.12/site-packages/libnmea_navsat_driver/__init__.py to __init__.cpython-312.pyc
[1.453s] byte-compiling /home/nithya/ros2_ws/install/nmea_navsat_driver/lib/python3.12/site-packages/libnmea_navsat_driver/driver.py to driver.cpython-312.pyc
[1.455s] byte-compiling /home/nithya/ros2_ws/install/nmea_navsat_driver/lib/python3.12/site-packages/libnmea_navsat_driver/parser.py to parser.cpython-312.pyc
[1.456s] byte-compiling /home/nithya/ros2_ws/install/nmea_navsat_driver/lib/python3.12/site-packages/libnmea_navsat_driver/checksum_utils.py to checksum_utils.cpython-312.pyc
[1.456s] running install_data
[1.458s] running install_egg_info
[1.474s] Copying ../../build/nmea_navsat_driver/nmea_navsat_driver.egg-info to /home/nithya/ros2_ws/install/nmea_navsat_driver/lib/python3.12/site-packages/nmea_navsat_driver-2.0.1-py3.12.egg-info
[1.475s] running install_scripts
[1.576s] Installing nmea_serial_driver script to /home/nithya/ros2_ws/install/nmea_navsat_driver/lib/nmea_navsat_driver
[1.576s] Installing nmea_socket_driver script to /home/nithya/ros2_ws/install/nmea_navsat_driver/lib/nmea_navsat_driver
[1.577s] Installing nmea_tcpclient_driver script to /home/nithya/ros2_ws/install/nmea_navsat_driver/lib/nmea_navsat_driver
[1.577s] Installing nmea_topic_driver script to /home/nithya/ros2_ws/install/nmea_navsat_driver/lib/nmea_navsat_driver
[1.577s] Installing nmea_topic_serial_reader script to /home/nithya/ros2_ws/install/nmea_navsat_driver/lib/nmea_navsat_driver
[1.577s] writing list of installed files to '/home/nithya/ros2_ws/build/nmea_navsat_driver/install.log'
[1.596s] Invoked command in '/home/nithya/ros2_ws/src/nmea_navsat_driver' returned '0': DEBUGINFOD_URLS=https://debuginfod.ubuntu.com PYTHONPATH=/home/nithya/ros2_ws/build/nmea_navsat_driver/prefix_override:/usr/lib/python3/dist-packages/colcon_core/task/python/colcon_distutils_commands:/home/nithya/ros2_ws/install/nmea_navsat_driver/lib/python3.12/site-packages:${PYTHONPATH} /usr/bin/python3 -W ignore:setup.py install is deprecated -W ignore:easy_install command is deprecated setup.py egg_info --egg-base ../../build/nmea_navsat_driver build --build-base /home/nithya/ros2_ws/build/nmea_navsat_driver/build install --record /home/nithya/ros2_ws/build/nmea_navsat_driver/install.log --single-version-externally-managed install_data
